// Jest Snapshot v1, https://goo.gl/fbAQLP

exports[`Articles component matches a snapshot 1`] = `
<ul>
  <li
    key="0"
  >
    <Article
      author="some author"
      date="2020-05-06T20:46:23Z"
      image="https://cdn.mos.cms.futurecdn.net/j57b7QnfnaXNpLfXN9ssy-1200-80.jpg"
      source="TechRadar"
      title="Microsoft Surface Book 3 and Surface Go 2 launch, and that’s bad news for Apple"
      url="https://www.techradar.com/news/microsoft-aims-to-take-on-apple-with-most-powerful-ever-surface-book-3-and-improved-surface-go-2"
    />
  </li>
  <li
    key="1"
  >
    <Article
      author="some author"
      date="2020-05-06T20:46:23Z"
      image="https://cdn.mos.cms.futurecdn.net/j57b7QnfnaXNpLfXN9ssy-1200-80.jpg"
      source="TechRadar"
      title="Microsoft Surface Book 3 and Surface Go 2 launch, and that’s bad news for Apple"
      url="https://www.techradar.com/news/microsoft-aims-to-take-on-apple-with-most-powerful-ever-surface-book-3-and-improved-surface-go-2"
    />
  </li>
</ul>
`;
